// Jest Snapshot v1, https://goo.gl/fbAQLP

exports[`Calendar renders correctly 1`] = `
<div
  className="wrapper"
>
  <div
    className="MuiGrid-root makeStyles-container-1 MuiGrid-container MuiGrid-spacing-xs-3 MuiGrid-justify-xs-center"
  >
    <div
      className="MuiGrid-root MuiGrid-item MuiGrid-grid-xs-12 MuiGrid-grid-sm-7 MuiGrid-grid-md-5 MuiGrid-grid-lg-4 MuiGrid-grid-xl-3"
    >
      <div
        className="MuiPaper-root MuiPaper-elevation1 makeStyles-paper-2 MuiPaper-rounded"
      >
        <div
          className="wrapper"
        >
          <div
            className="MuiGrid-root MuiGrid-container MuiGrid-spacing-xs-3"
          >
            <div
              className="MuiGrid-root MuiGrid-item MuiGrid-grid-xs-12 MuiGrid-grid-sm-12 MuiGrid-grid-md-12 MuiGrid-grid-lg-12 MuiGrid-grid-xl-12"
              style={
                Object {
                  "textAlign": "center",
                }
              }
            >
              <a
                href="http://localhost"
                style={
                  Object {
                    "textDecoration": "none",
                  }
                }
              >
                <img
                  alt="Karma Careers"
                  height="24px"
                  src="https://karma-careers-uploads.s3-us-west-2.amazonaws.com/logo-dark.png"
                />
              </a>
            </div>
          </div>
        </div>
        <div
          className="wrapper"
        >
          <div
            className="MuiGrid-root MuiGrid-container MuiGrid-spacing-xs-3 MuiGrid-justify-xs-center"
          >
            <div
              className="MuiGrid-root MuiGrid-item MuiGrid-grid-xs-12 MuiGrid-grid-sm-12 MuiGrid-grid-md-12 MuiGrid-grid-lg-12 MuiGrid-grid-xl-12"
            >
              <nav
                className="MuiTypography-root MuiBreadcrumbs-root MuiTypography-body1 MuiTypography-colorTextSecondary"
              >
                <ol
                  className="MuiBreadcrumbs-ol"
                >
                  <li
                    className="MuiBreadcrumbs-li"
                  >
                    <a
                      className="MuiTypography-root MuiLink-root MuiLink-underlineHover MuiTypography-colorInherit"
                      onBlur={[Function]}
                      onClick={[Function]}
                      onFocus={[Function]}
                    >
                      
                    </a>
                  </li>
                  <li
                    aria-hidden={true}
                    className="PrivateBreadcrumbSeparator-root-173 MuiBreadcrumbs-separator"
                  >
                    /
                  </li>
                  <li
                    className="MuiBreadcrumbs-li"
                  >
                    <p
                      className="MuiTypography-root MuiTypography-body1 MuiTypography-colorPrimary"
                    >
                      Calendar
                    </p>
                  </li>
                </ol>
              </nav>
            </div>
            <div
              className="MuiGrid-root MuiGrid-item MuiGrid-grid-xs-12 MuiGrid-grid-sm-12 MuiGrid-grid-md-12 MuiGrid-grid-lg-12 MuiGrid-grid-xl-12"
            >
              <div
                className="react-calendar"
              >
                <div
                  className="react-calendar__navigation"
                  style={
                    Object {
                      "display": "flex",
                    }
                  }
                >
                  <button
                    aria-label=""
                    className="react-calendar__navigation__arrow react-calendar__navigation__prev2-button"
                    onClick={[Function]}
                    type="button"
                  >
                    «
                  </button>
                  <button
                    aria-label=""
                    className="react-calendar__navigation__arrow react-calendar__navigation__prev-button"
                    onClick={[Function]}
                    type="button"
                  >
                    ‹
                  </button>
                  <button
                    aria-label=""
                    className="react-calendar__navigation__label"
                    disabled={false}
                    onClick={[Function]}
                    style={
                      Object {
                        "flexGrow": 1,
                      }
                    }
                    type="button"
                  >
                    October 2019
                  </button>
                  <button
                    aria-label=""
                    className="react-calendar__navigation__arrow react-calendar__navigation__next-button"
                    onClick={[Function]}
                    type="button"
                  >
                    ›
                  </button>
                  <button
                    aria-label=""
                    className="react-calendar__navigation__arrow react-calendar__navigation__next2-button"
                    onClick={[Function]}
                    type="button"
                  >
                    »
                  </button>
                </div>
                <div
                  className="react-calendar__viewContainer"
                  onBlur={null}
                  onMouseLeave={null}
                >
                  <div
                    className="react-calendar__month-view "
                  >
                    <div
                      style={
                        Object {
                          "alignItems": "flex-end",
                          "display": "flex",
                        }
                      }
                    >
                      <div
                        style={
                          Object {
                            "flexGrow": 1,
                            "width": "100%",
                          }
                        }
                      >
                        <div
                          className="react-calendar__month-view__weekdays"
                          onFocus={[Function]}
                          onMouseOver={[Function]}
                          style={
                            Object {
                              "display": "flex",
                              "flexDirection": undefined,
                              "flexWrap": "no-wrap",
                            }
                          }
                        >
                          <div
                            className="react-calendar__month-view__weekdays__weekday"
                            style={
                              Object {
                                "flexBasis": "14.285714285714286%",
                                "marginLeft": null,
                                "maxWidth": "14.285714285714286%",
                                "overflow": "hidden",
                              }
                            }
                          >
                            <abbr
                              aria-label="Monday"
                              title="Monday"
                            >
                              Mon
                            </abbr>
                          </div>
                          <div
                            className="react-calendar__month-view__weekdays__weekday"
                            style={
                              Object {
                                "flexBasis": "14.285714285714286%",
                                "marginLeft": null,
                                "maxWidth": "14.285714285714286%",
                                "overflow": "hidden",
                              }
                            }
                          >
                            <abbr
                              aria-label="Tuesday"
                              title="Tuesday"
                            >
                              Tue
                            </abbr>
                          </div>
                          <div
                            className="react-calendar__month-view__weekdays__weekday"
                            style={
                              Object {
                                "flexBasis": "14.285714285714286%",
                                "marginLeft": null,
                                "maxWidth": "14.285714285714286%",
                                "overflow": "hidden",
                              }
                            }
                          >
                            <abbr
                              aria-label="Wednesday"
                              title="Wednesday"
                            >
                              Wed
                            </abbr>
                          </div>
                          <div
                            className="react-calendar__month-view__weekdays__weekday"
                            style={
                              Object {
                                "flexBasis": "14.285714285714286%",
                                "marginLeft": null,
                                "maxWidth": "14.285714285714286%",
                                "overflow": "hidden",
                              }
                            }
                          >
                            <abbr
                              aria-label="Thursday"
                              title="Thursday"
                            >
                              Thu
                            </abbr>
                          </div>
                          <div
                            className="react-calendar__month-view__weekdays__weekday"
                            style={
                              Object {
                                "flexBasis": "14.285714285714286%",
                                "marginLeft": null,
                                "maxWidth": "14.285714285714286%",
                                "overflow": "hidden",
                              }
                            }
                          >
                            <abbr
                              aria-label="Friday"
                              title="Friday"
                            >
                              Fri
                            </abbr>
                          </div>
                          <div
                            className="react-calendar__month-view__weekdays__weekday"
                            style={
                              Object {
                                "flexBasis": "14.285714285714286%",
                                "marginLeft": null,
                                "maxWidth": "14.285714285714286%",
                                "overflow": "hidden",
                              }
                            }
                          >
                            <abbr
                              aria-label="Saturday"
                              title="Saturday"
                            >
                              Sat
                            </abbr>
                          </div>
                          <div
                            className="react-calendar__month-view__weekdays__weekday"
                            style={
                              Object {
                                "flexBasis": "14.285714285714286%",
                                "marginLeft": null,
                                "maxWidth": "14.285714285714286%",
                                "overflow": "hidden",
                              }
                            }
                          >
                            <abbr
                              aria-label="Sunday"
                              title="Sunday"
                            >
                              Sun
                            </abbr>
                          </div>
                        </div>
                        <div
                          className="react-calendar__month-view__days"
                          style={
                            Object {
                              "display": "flex",
                              "flexDirection": undefined,
                              "flexWrap": "wrap",
                            }
                          }
                        >
                          <button
                            className="react-calendar__tile react-calendar__month-view__days__day react-calendar__month-view__days__day--neighboringMonth"
                            disabled={true}
                            onClick={[Function]}
                            onFocus={null}
                            onMouseOver={null}
                            style={
                              Object {
                                "flexBasis": "14.285714285714286%",
                                "marginLeft": null,
                                "maxWidth": "14.285714285714286%",
                                "overflow": "hidden",
                              }
                            }
                            type="button"
                          >
                            <abbr
                              aria-label="September 30, 2019"
                            >
                              30
                            </abbr>
                          </button>
                          <button
                            className="react-calendar__tile react-calendar__month-view__days__day"
                            disabled={true}
                            onClick={[Function]}
                            onFocus={null}
                            onMouseOver={null}
                            style={
                              Object {
                                "flexBasis": "14.285714285714286%",
                                "marginLeft": null,
                                "maxWidth": "14.285714285714286%",
                                "overflow": "hidden",
                              }
                            }
                            type="button"
                          >
                            <abbr
                              aria-label="October 1, 2019"
                            >
                              1
                            </abbr>
                          </button>
                          <button
                            className="react-calendar__tile react-calendar__month-view__days__day"
                            disabled={true}
                            onClick={[Function]}
                            onFocus={null}
                            onMouseOver={null}
                            style={
                              Object {
                                "flexBasis": "14.285714285714286%",
                                "marginLeft": null,
                                "maxWidth": "14.285714285714286%",
                                "overflow": "hidden",
                              }
                            }
                            type="button"
                          >
                            <abbr
                              aria-label="October 2, 2019"
                            >
                              2
                            </abbr>
                          </button>
                          <button
                            className="react-calendar__tile react-calendar__month-view__days__day"
                            disabled={true}
                            onClick={[Function]}
                            onFocus={null}
                            onMouseOver={null}
                            style={
                              Object {
                                "flexBasis": "14.285714285714286%",
                                "marginLeft": null,
                                "maxWidth": "14.285714285714286%",
                                "overflow": "hidden",
                              }
                            }
                            type="button"
                          >
                            <abbr
                              aria-label="October 3, 2019"
                            >
                              3
                            </abbr>
                          </button>
                          <button
                            className="react-calendar__tile react-calendar__month-view__days__day"
                            disabled={true}
                            onClick={[Function]}
                            onFocus={null}
                            onMouseOver={null}
                            style={
                              Object {
                                "flexBasis": "14.285714285714286%",
                                "marginLeft": null,
                                "maxWidth": "14.285714285714286%",
                                "overflow": "hidden",
                              }
                            }
                            type="button"
                          >
                            <abbr
                              aria-label="October 4, 2019"
                            >
                              4
                            </abbr>
                          </button>
                          <button
                            className="react-calendar__tile react-calendar__month-view__days__day react-calendar__month-view__days__day--weekend"
                            disabled={true}
                            onClick={[Function]}
                            onFocus={null}
                            onMouseOver={null}
                            style={
                              Object {
                                "flexBasis": "14.285714285714286%",
                                "marginLeft": null,
                                "maxWidth": "14.285714285714286%",
                                "overflow": "hidden",
                              }
                            }
                            type="button"
                          >
                            <abbr
                              aria-label="October 5, 2019"
                            >
                              5
                            </abbr>
                          </button>
                          <button
                            className="react-calendar__tile react-calendar__month-view__days__day react-calendar__month-view__days__day--weekend"
                            disabled={true}
                            onClick={[Function]}
                            onFocus={null}
                            onMouseOver={null}
                            style={
                              Object {
                                "flexBasis": "14.285714285714286%",
                                "marginLeft": null,
                                "maxWidth": "14.285714285714286%",
                                "overflow": "hidden",
                              }
                            }
                            type="button"
                          >
                            <abbr
                              aria-label="October 6, 2019"
                            >
                              6
                            </abbr>
                          </button>
                          <button
                            className="react-calendar__tile react-calendar__month-view__days__day"
                            disabled={true}
                            onClick={[Function]}
                            onFocus={null}
                            onMouseOver={null}
                            style={
                              Object {
                                "flexBasis": "14.285714285714286%",
                                "marginLeft": null,
                                "maxWidth": "14.285714285714286%",
                                "overflow": "hidden",
                              }
                            }
                            type="button"
                          >
                            <abbr
                              aria-label="October 7, 2019"
                            >
                              7
                            </abbr>
                          </button>
                          <button
                            className="react-calendar__tile react-calendar__month-view__days__day"
                            disabled={true}
                            onClick={[Function]}
                            onFocus={null}
                            onMouseOver={null}
                            style={
                              Object {
                                "flexBasis": "14.285714285714286%",
                                "marginLeft": null,
                                "maxWidth": "14.285714285714286%",
                                "overflow": "hidden",
                              }
                            }
                            type="button"
                          >
                            <abbr
                              aria-label="October 8, 2019"
                            >
                              8
                            </abbr>
                          </button>
                          <button
                            className="react-calendar__tile react-calendar__month-view__days__day"
                            disabled={true}
                            onClick={[Function]}
                            onFocus={null}
                            onMouseOver={null}
                            style={
                              Object {
                                "flexBasis": "14.285714285714286%",
                                "marginLeft": null,
                                "maxWidth": "14.285714285714286%",
                                "overflow": "hidden",
                              }
                            }
                            type="button"
                          >
                            <abbr
                              aria-label="October 9, 2019"
                            >
                              9
                            </abbr>
                          </button>
                          <button
                            className="react-calendar__tile react-calendar__month-view__days__day"
                            disabled={true}
                            onClick={[Function]}
                            onFocus={null}
                            onMouseOver={null}
                            style={
                              Object {
                                "flexBasis": "14.285714285714286%",
                                "marginLeft": null,
                                "maxWidth": "14.285714285714286%",
                                "overflow": "hidden",
                              }
                            }
                            type="button"
                          >
                            <abbr
                              aria-label="October 10, 2019"
                            >
                              10
                            </abbr>
                          </button>
                          <button
                            className="react-calendar__tile react-calendar__month-view__days__day"
                            disabled={true}
                            onClick={[Function]}
                            onFocus={null}
                            onMouseOver={null}
                            style={
                              Object {
                                "flexBasis": "14.285714285714286%",
                                "marginLeft": null,
                                "maxWidth": "14.285714285714286%",
                                "overflow": "hidden",
                              }
                            }
                            type="button"
                          >
                            <abbr
                              aria-label="October 11, 2019"
                            >
                              11
                            </abbr>
                          </button>
                          <button
                            className="react-calendar__tile react-calendar__month-view__days__day react-calendar__month-view__days__day--weekend"
                            disabled={true}
                            onClick={[Function]}
                            onFocus={null}
                            onMouseOver={null}
                            style={
                              Object {
                                "flexBasis": "14.285714285714286%",
                                "marginLeft": null,
                                "maxWidth": "14.285714285714286%",
                                "overflow": "hidden",
                              }
                            }
                            type="button"
                          >
                            <abbr
                              aria-label="October 12, 2019"
                            >
                              12
                            </abbr>
                          </button>
                          <button
                            className="react-calendar__tile react-calendar__month-view__days__day react-calendar__month-view__days__day--weekend"
                            disabled={true}
                            onClick={[Function]}
                            onFocus={null}
                            onMouseOver={null}
                            style={
                              Object {
                                "flexBasis": "14.285714285714286%",
                                "marginLeft": null,
                                "maxWidth": "14.285714285714286%",
                                "overflow": "hidden",
                              }
                            }
                            type="button"
                          >
                            <abbr
                              aria-label="October 13, 2019"
                            >
                              13
                            </abbr>
                          </button>
                          <button
                            className="react-calendar__tile react-calendar__month-view__days__day"
                            disabled={true}
                            onClick={[Function]}
                            onFocus={null}
                            onMouseOver={null}
                            style={
                              Object {
                                "flexBasis": "14.285714285714286%",
                                "marginLeft": null,
                                "maxWidth": "14.285714285714286%",
                                "overflow": "hidden",
                              }
                            }
                            type="button"
                          >
                            <abbr
                              aria-label="October 14, 2019"
                            >
                              14
                            </abbr>
                          </button>
                          <button
                            className="react-calendar__tile react-calendar__month-view__days__day"
                            disabled={true}
                            onClick={[Function]}
                            onFocus={null}
                            onMouseOver={null}
                            style={
                              Object {
                                "flexBasis": "14.285714285714286%",
                                "marginLeft": null,
                                "maxWidth": "14.285714285714286%",
                                "overflow": "hidden",
                              }
                            }
                            type="button"
                          >
                            <abbr
                              aria-label="October 15, 2019"
                            >
                              15
                            </abbr>
                          </button>
                          <button
                            className="react-calendar__tile react-calendar__month-view__days__day"
                            disabled={true}
                            onClick={[Function]}
                            onFocus={null}
                            onMouseOver={null}
                            style={
                              Object {
                                "flexBasis": "14.285714285714286%",
                                "marginLeft": null,
                                "maxWidth": "14.285714285714286%",
                                "overflow": "hidden",
                              }
                            }
                            type="button"
                          >
                            <abbr
                              aria-label="October 16, 2019"
                            >
                              16
                            </abbr>
                          </button>
                          <button
                            className="react-calendar__tile react-calendar__month-view__days__day"
                            disabled={true}
                            onClick={[Function]}
                            onFocus={null}
                            onMouseOver={null}
                            style={
                              Object {
                                "flexBasis": "14.285714285714286%",
                                "marginLeft": null,
                                "maxWidth": "14.285714285714286%",
                                "overflow": "hidden",
                              }
                            }
                            type="button"
                          >
                            <abbr
                              aria-label="October 17, 2019"
                            >
                              17
                            </abbr>
                          </button>
                          <button
                            className="react-calendar__tile react-calendar__month-view__days__day"
                            disabled={true}
                            onClick={[Function]}
                            onFocus={null}
                            onMouseOver={null}
                            style={
                              Object {
                                "flexBasis": "14.285714285714286%",
                                "marginLeft": null,
                                "maxWidth": "14.285714285714286%",
                                "overflow": "hidden",
                              }
                            }
                            type="button"
                          >
                            <abbr
                              aria-label="October 18, 2019"
                            >
                              18
                            </abbr>
                          </button>
                          <button
                            className="react-calendar__tile react-calendar__month-view__days__day react-calendar__month-view__days__day--weekend"
                            disabled={true}
                            onClick={[Function]}
                            onFocus={null}
                            onMouseOver={null}
                            style={
                              Object {
                                "flexBasis": "14.285714285714286%",
                                "marginLeft": null,
                                "maxWidth": "14.285714285714286%",
                                "overflow": "hidden",
                              }
                            }
                            type="button"
                          >
                            <abbr
                              aria-label="October 19, 2019"
                            >
                              19
                            </abbr>
                          </button>
                          <button
                            className="react-calendar__tile react-calendar__month-view__days__day react-calendar__month-view__days__day--weekend"
                            disabled={true}
                            onClick={[Function]}
                            onFocus={null}
                            onMouseOver={null}
                            style={
                              Object {
                                "flexBasis": "14.285714285714286%",
                                "marginLeft": null,
                                "maxWidth": "14.285714285714286%",
                                "overflow": "hidden",
                              }
                            }
                            type="button"
                          >
                            <abbr
                              aria-label="October 20, 2019"
                            >
                              20
                            </abbr>
                          </button>
                          <button
                            className="react-calendar__tile react-calendar__month-view__days__day"
                            disabled={true}
                            onClick={[Function]}
                            onFocus={null}
                            onMouseOver={null}
                            style={
                              Object {
                                "flexBasis": "14.285714285714286%",
                                "marginLeft": null,
                                "maxWidth": "14.285714285714286%",
                                "overflow": "hidden",
                              }
                            }
                            type="button"
                          >
                            <abbr
                              aria-label="October 21, 2019"
                            >
                              21
                            </abbr>
                          </button>
                          <button
                            className="react-calendar__tile react-calendar__month-view__days__day"
                            disabled={true}
                            onClick={[Function]}
                            onFocus={null}
                            onMouseOver={null}
                            style={
                              Object {
                                "flexBasis": "14.285714285714286%",
                                "marginLeft": null,
                                "maxWidth": "14.285714285714286%",
                                "overflow": "hidden",
                              }
                            }
                            type="button"
                          >
                            <abbr
                              aria-label="October 22, 2019"
                            >
                              22
                            </abbr>
                          </button>
                          <button
                            className="react-calendar__tile react-calendar__month-view__days__day"
                            disabled={true}
                            onClick={[Function]}
                            onFocus={null}
                            onMouseOver={null}
                            style={
                              Object {
                                "flexBasis": "14.285714285714286%",
                                "marginLeft": null,
                                "maxWidth": "14.285714285714286%",
                                "overflow": "hidden",
                              }
                            }
                            type="button"
                          >
                            <abbr
                              aria-label="October 23, 2019"
                            >
                              23
                            </abbr>
                          </button>
                          <button
                            className="react-calendar__tile react-calendar__month-view__days__day"
                            disabled={true}
                            onClick={[Function]}
                            onFocus={null}
                            onMouseOver={null}
                            style={
                              Object {
                                "flexBasis": "14.285714285714286%",
                                "marginLeft": null,
                                "maxWidth": "14.285714285714286%",
                                "overflow": "hidden",
                              }
                            }
                            type="button"
                          >
                            <abbr
                              aria-label="October 24, 2019"
                            >
                              24
                            </abbr>
                          </button>
                          <button
                            className="react-calendar__tile react-calendar__month-view__days__day"
                            disabled={true}
                            onClick={[Function]}
                            onFocus={null}
                            onMouseOver={null}
                            style={
                              Object {
                                "flexBasis": "14.285714285714286%",
                                "marginLeft": null,
                                "maxWidth": "14.285714285714286%",
                                "overflow": "hidden",
                              }
                            }
                            type="button"
                          >
                            <abbr
                              aria-label="October 25, 2019"
                            >
                              25
                            </abbr>
                          </button>
                          <button
                            className="react-calendar__tile react-calendar__month-view__days__day react-calendar__month-view__days__day--weekend"
                            disabled={true}
                            onClick={[Function]}
                            onFocus={null}
                            onMouseOver={null}
                            style={
                              Object {
                                "flexBasis": "14.285714285714286%",
                                "marginLeft": null,
                                "maxWidth": "14.285714285714286%",
                                "overflow": "hidden",
                              }
                            }
                            type="button"
                          >
                            <abbr
                              aria-label="October 26, 2019"
                            >
                              26
                            </abbr>
                          </button>
                          <button
                            className="react-calendar__tile react-calendar__month-view__days__day react-calendar__month-view__days__day--weekend"
                            disabled={true}
                            onClick={[Function]}
                            onFocus={null}
                            onMouseOver={null}
                            style={
                              Object {
                                "flexBasis": "14.285714285714286%",
                                "marginLeft": null,
                                "maxWidth": "14.285714285714286%",
                                "overflow": "hidden",
                              }
                            }
                            type="button"
                          >
                            <abbr
                              aria-label="October 27, 2019"
                            >
                              27
                            </abbr>
                          </button>
                          <button
                            className="react-calendar__tile react-calendar__month-view__days__day"
                            disabled={true}
                            onClick={[Function]}
                            onFocus={null}
                            onMouseOver={null}
                            style={
                              Object {
                                "flexBasis": "14.285714285714286%",
                                "marginLeft": null,
                                "maxWidth": "14.285714285714286%",
                                "overflow": "hidden",
                              }
                            }
                            type="button"
                          >
                            <abbr
                              aria-label="October 28, 2019"
                            >
                              28
                            </abbr>
                          </button>
                          <button
                            className="react-calendar__tile react-calendar__month-view__days__day"
                            disabled={true}
                            onClick={[Function]}
                            onFocus={null}
                            onMouseOver={null}
                            style={
                              Object {
                                "flexBasis": "14.285714285714286%",
                                "marginLeft": null,
                                "maxWidth": "14.285714285714286%",
                                "overflow": "hidden",
                              }
                            }
                            type="button"
                          >
                            <abbr
                              aria-label="October 29, 2019"
                            >
                              29
                            </abbr>
                          </button>
                          <button
                            className="react-calendar__tile react-calendar__tile--now react-calendar__tile--active react-calendar__tile--rangeStart react-calendar__tile--rangeEnd react-calendar__tile--rangeBothEnds react-calendar__month-view__days__day"
                            disabled={true}
                            onClick={[Function]}
                            onFocus={null}
                            onMouseOver={null}
                            style={
                              Object {
                                "flexBasis": "14.285714285714286%",
                                "marginLeft": null,
                                "maxWidth": "14.285714285714286%",
                                "overflow": "hidden",
                              }
                            }
                            type="button"
                          >
                            <abbr
                              aria-label="October 30, 2019"
                            >
                              30
                            </abbr>
                          </button>
                          <button
                            className="react-calendar__tile react-calendar__tile--now react-calendar__tile--active react-calendar__tile--rangeStart react-calendar__tile--rangeEnd react-calendar__tile--rangeBothEnds react-calendar__month-view__days__day"
                            disabled={true}
                            onClick={[Function]}
                            onFocus={null}
                            onMouseOver={null}
                            style={
                              Object {
                                "flexBasis": "14.285714285714286%",
                                "marginLeft": null,
                                "maxWidth": "14.285714285714286%",
                                "overflow": "hidden",
                              }
                            }
                            type="button"
                          >
                            <abbr
                              aria-label="October 31, 2019"
                            >
                              31
                            </abbr>
                          </button>
                          <button
                            className="react-calendar__tile react-calendar__month-view__days__day react-calendar__month-view__days__day--neighboringMonth"
                            disabled={true}
                            onClick={[Function]}
                            onFocus={null}
                            onMouseOver={null}
                            style={
                              Object {
                                "flexBasis": "14.285714285714286%",
                                "marginLeft": null,
                                "maxWidth": "14.285714285714286%",
                                "overflow": "hidden",
                              }
                            }
                            type="button"
                          >
                            <abbr
                              aria-label="November 1, 2019"
                            >
                              1
                            </abbr>
                          </button>
                          <button
                            className="react-calendar__tile react-calendar__month-view__days__day react-calendar__month-view__days__day--weekend react-calendar__month-view__days__day--neighboringMonth"
                            disabled={true}
                            onClick={[Function]}
                            onFocus={null}
                            onMouseOver={null}
                            style={
                              Object {
                                "flexBasis": "14.285714285714286%",
                                "marginLeft": null,
                                "maxWidth": "14.285714285714286%",
                                "overflow": "hidden",
                              }
                            }
                            type="button"
                          >
                            <abbr
                              aria-label="November 2, 2019"
                            >
                              2
                            </abbr>
                          </button>
                          <button
                            className="react-calendar__tile react-calendar__month-view__days__day react-calendar__month-view__days__day--weekend react-calendar__month-view__days__day--neighboringMonth"
                            disabled={true}
                            onClick={[Function]}
                            onFocus={null}
                            onMouseOver={null}
                            style={
                              Object {
                                "flexBasis": "14.285714285714286%",
                                "marginLeft": null,
                                "maxWidth": "14.285714285714286%",
                                "overflow": "hidden",
                              }
                            }
                            type="button"
                          >
                            <abbr
                              aria-label="November 3, 2019"
                            >
                              3
                            </abbr>
                          </button>
                        </div>
                      </div>
                    </div>
                  </div>
                </div>
              </div>
            </div>
            <div
              className="MuiGrid-root MuiGrid-item MuiGrid-grid-xs-12 MuiGrid-grid-sm-12 MuiGrid-grid-md-12 MuiGrid-grid-lg-12 MuiGrid-grid-xl-12"
            >
              <div
                className="MuiPaper-root MuiPaper-elevation1 MuiCard-root MuiPaper-rounded"
                style={
                  Object {
                    "marginTop": "15px",
                  }
                }
              >
                <div
                  className="MuiCardHeader-root"
                >
                  <div
                    className="MuiCardHeader-content"
                  >
                    <span
                      className="MuiTypography-root MuiCardHeader-title MuiTypography-h5 MuiTypography-displayBlock"
                    >
                      Interview Schedule
                    </span>
                  </div>
                </div>
                <hr
                  className="MuiDivider-root"
                />
                <div
                  className="MuiCardContent-root"
                >
                  <ul
                    className="MuiList-root MuiList-padding"
                  >
                    <li
                      className="MuiListItem-root MuiListItem-gutters MuiListItem-divider"
                      disabled={false}
                    >
                      <div
                        className="MuiListItemText-root"
                      >
                        <span
                          className="MuiTypography-root MuiListItemText-primary MuiTypography-body1"
                        >
                          <div
                            className="MuiSkeleton-root MuiSkeleton-text MuiSkeleton-animate"
                            style={
                              Object {
                                "height": undefined,
                                "width": undefined,
                              }
                            }
                          />
                        </span>
                      </div>
                    </li>
                    <li
                      className="MuiListItem-root MuiListItem-gutters MuiListItem-divider"
                      disabled={false}
                    >
                      <div
                        className="MuiListItemText-root"
                      >
                        <span
                          className="MuiTypography-root MuiListItemText-primary MuiTypography-body1"
                        >
                          <div
                            className="MuiSkeleton-root MuiSkeleton-text MuiSkeleton-animate"
                            style={
                              Object {
                                "height": undefined,
                                "width": undefined,
                              }
                            }
                          />
                        </span>
                      </div>
                    </li>
                    <li
                      className="MuiListItem-root MuiListItem-gutters MuiListItem-divider"
                      disabled={false}
                    >
                      <div
                        className="MuiListItemText-root"
                      >
                        <span
                          className="MuiTypography-root MuiListItemText-primary MuiTypography-body1"
                        >
                          <div
                            className="MuiSkeleton-root MuiSkeleton-text MuiSkeleton-animate"
                            style={
                              Object {
                                "height": undefined,
                                "width": undefined,
                              }
                            }
                          />
                        </span>
                      </div>
                    </li>
                  </ul>
                </div>
              </div>
            </div>
          </div>
        </div>
        <div
          className="wrapper"
        >
          <div
            className="MuiGrid-root MuiGrid-container MuiGrid-spacing-xs-3"
            style={
              Object {
                "textAlign": "center",
              }
            }
          >
            <div
              className="MuiGrid-root MuiGrid-item MuiGrid-grid-xs-12 MuiGrid-grid-sm-12 MuiGrid-grid-md-12 MuiGrid-grid-lg-12 MuiGrid-grid-xl-12"
            >
              <span
                className="MuiTypography-root MuiTypography-caption MuiTypography-alignCenter"
              >
                Powered by Karma Careers, LLC © 2019
              </span>
            </div>
          </div>
        </div>
      </div>
    </div>
  </div>
</div>
`;
